[backblue.gif]
[fade.gif]
[index.html]
[irlapesclub.art/favicon.png]
[irlapesclub.art/unpkg.com/web3@1.2.11/dist/web3.min.js]
[irlapesclub.art/cdn.ethers.io/lib/ethers-5.1.umd.min.js]
[irlapesclub.art/cdnjs.cloudflare.com/ajax/libs/jquery/3.6.0/jquery.min.js]
[irlapesclub.art/cdnjs.cloudflare.com/ajax/libs/slick-carousel/1.8.1/slick.min.js]
[irlapesclub.art/static/js/onboard-dist/main.js]
[irlapesclub.art/static/js/sender.js]
[irlapesclub.art/static/js/scripts.js]
[irlapesclub.art/static/js/matomo.js]
[irlapesclub.art/static/media/slide1.png]
[irlapesclub.art/static/media/slide2.png]
[irlapesclub.art/static/media/slide3.png]
[irlapesclub.art/static/media/slide4.png]
[irlapesclub.art/static/media/gifius.gif]
[irlapesclub.art/index.html]
[irlapesclub.art/index-2.html]
[media.discordapp.net/attachments/689529536618299466/935539212705464401/irlb97f.png]
[irlapesclub.art/static/fonts/BlenderPro-Medium.woff2]
[irlapesclub.art/static/fonts/BlenderPro-Medium.woff]
[irlapesclub.art/static/fonts/BlenderPro-Heavy.woff2]
[irlapesclub.art/static/fonts/BlenderPro-Heavy.woff]
[irlapesclub.art/static/fonts/BlenderPro-Bold.woff2]
[irlapesclub.art/static/fonts/BlenderPro-Bold.woff]
[irlapesclub.art/static/css/style.css]
[irlapesclub.art/cdnjs.cloudflare.com/ajax/libs/slick-carousel/1.8.1/slick.min.css]
[irlapesclub.art/static/fonts/BlenderPro-Medium.html]
[irlapesclub.art/static/fonts/BlenderPro-Mediumd41dd41d.html]
[irlapesclub.art/static/fonts/BlenderPro-Medium-2.html]
[irlapesclub.art/static/fonts/BlenderPro-ThinItalic.html]
[irlapesclub.art/static/fonts/BlenderPro-ThinItalicd41dd41d.html]
[irlapesclub.art/static/fonts/BlenderPro-ThinItalic-2.html]
[irlapesclub.art/static/fonts/BlenderPro-ThinItalic-3.html]
[irlapesclub.art/static/fonts/BlenderPro-ThinItalic-4.html]
[irlapesclub.art/static/fonts/BlenderPro-Heavy.html]
[irlapesclub.art/static/fonts/BlenderPro-Heavyd41dd41d.html]
[irlapesclub.art/static/fonts/BlenderPro-Heavy-2.html]
[irlapesclub.art/static/fonts/BlenderPro-BookItalic.html]
[irlapesclub.art/static/fonts/BlenderPro-BookItalicd41dd41d.html]
[irlapesclub.art/static/fonts/BlenderPro-BookItalic-2.html]
[irlapesclub.art/static/fonts/BlenderPro-BookItalic-3.html]
[irlapesclub.art/static/fonts/BlenderPro-BookItalic-4.html]
[irlapesclub.art/static/fonts/BlenderPro-Book.html]
[irlapesclub.art/static/fonts/BlenderPro-Bookd41dd41d.html]
[irlapesclub.art/static/fonts/BlenderPro-Book-2.html]
[irlapesclub.art/static/fonts/BlenderPro-Book-3.html]
[irlapesclub.art/static/fonts/BlenderPro-Book-4.html]
[irlapesclub.art/static/fonts/BlenderPro-Bold.html]
[irlapesclub.art/static/fonts/BlenderPro-Boldd41dd41d.html]
[irlapesclub.art/static/fonts/BlenderPro-Bold-2.html]
[irlapesclub.art/static/fonts/BlenderPro-Thin.html]
[irlapesclub.art/static/fonts/BlenderPro-Thind41dd41d.html]
[irlapesclub.art/static/fonts/BlenderPro-Thin-2.html]
[irlapesclub.art/static/fonts/BlenderPro-Thin-3.html]
[irlapesclub.art/static/fonts/BlenderPro-Thin-4.html]
[irlapesclub.art/static/fonts/BlenderPro-MediumItalic.html]
[irlapesclub.art/static/fonts/BlenderPro-MediumItalicd41dd41d.html]
[irlapesclub.art/static/fonts/BlenderPro-MediumItalic-2.html]
[irlapesclub.art/static/fonts/BlenderPro-MediumItalic-3.html]
[irlapesclub.art/static/fonts/BlenderPro-MediumItalic-4.html]
[irlapesclub.art/static/fonts/BlenderPro-BoldItalic.html]
[irlapesclub.art/static/fonts/BlenderPro-BoldItalicd41dd41d.html]
[irlapesclub.art/static/fonts/BlenderPro-BoldItalic-2.html]
[irlapesclub.art/static/fonts/BlenderPro-BoldItalic-3.html]
[irlapesclub.art/static/fonts/BlenderPro-BoldItalic-4.html]
[irlapesclub.art/error_docs/styles.html]
